PULSE_0 {
    global:
        fake_pulse_audio_set_log_to_file;
        fake_pulse_audio_set_log_to_output;
        pa_stream_new_with_proplist;
        pa_stream_cork;
        pa_stream_is_corked;
        pa_stream_begin_write;
        pa_context_get_source_output_info;
        pa_context_set_subscribe_callback;
        pa_context_subscribe;
        pa_threaded_mainloop_in_thread;
        pa_proplist_gets;
        pa_context_drain;
        pa_cvolume_valid;
        pa_context_set_source_output_mute;
        pa_context_set_source_output_volume;
        pa_context_set_sink_mute_by_name;
        pa_context_set_source_mute_by_name;
        pa_context_set_sink_volume_by_name;
        pa_context_set_source_volume_by_name;
        pa_bytes_per_second;
        pa_context_connect;
        pa_context_disconnect;
        pa_context_errno;
        pa_context_get_protocol_version;
        pa_context_get_server_info;
        pa_context_get_sink_info_list;
        pa_context_get_sink_info_by_index;
        pa_context_get_sink_info_by_name;
        pa_context_get_sink_input_info;
        pa_context_get_source_info_by_index;
        pa_context_get_source_info_by_name;
        pa_context_get_source_info_list;
        pa_context_get_state;
        pa_context_new;
        pa_context_set_sink_input_volume;
        pa_context_set_sink_input_mute;
        pa_context_set_source_volume_by_index;
        pa_context_set_source_mute_by_index;
        pa_context_set_state_callback;
        pa_context_unref;
        pa_cvolume_set;
        pa_operation_get_state;
        pa_operation_unref;
        pa_stream_connect_playback;
        pa_stream_connect_record;
        pa_stream_disconnect;
        pa_stream_drop;
        pa_stream_get_device_index;
        pa_stream_get_index;
        pa_stream_get_latency;
        pa_stream_get_sample_spec;
        pa_stream_get_state;
        pa_stream_new;
        pa_stream_peek;
        pa_stream_readable_size;
        pa_stream_set_buffer_attr;
        pa_stream_set_overflow_callback;
        pa_stream_set_read_callback;
        pa_stream_set_state_callback;
        pa_stream_set_underflow_callback;
        pa_stream_set_write_callback;
        pa_stream_unref;
        pa_stream_writable_size;
        pa_stream_write;
        pa_strerror;
        pa_threaded_mainloop_free;
        pa_threaded_mainloop_get_api;
        pa_threaded_mainloop_lock;
        pa_threaded_mainloop_new;
        pa_threaded_mainloop_signal;
        pa_threaded_mainloop_start;
        pa_threaded_mainloop_stop;
        pa_threaded_mainloop_unlock;
        pa_threaded_mainloop_wait;
        pa_proplist_sets;
        pa_proplist_new;
        pa_proplist_free;
        pa_get_library_version;
        pa_cvolume_avg;
    local:
        *;
};
